// Jest Snapshot v1, https://goo.gl/fbAQLP

exports[`Route component 1`] = `<div />`;
