// Jest Snapshot v1, https://goo.gl/fbAQLP

exports[`OurTraining component 1`] = `
<div>
  <div>
    <p>
      Our training content
    </p>
  </div>
  <div>
    <p>
      Â© 
      2018
       Bussiness Name
    </p>
  </div>
</div>
`;
