// Jest Snapshot v1, https://goo.gl/fbAQLP

exports[`Footer component 1`] = `
<div>
  <p>
    Â© 
    2018
     Bussiness Name
  </p>
</div>
`;
