// Jest Snapshot v1, https://goo.gl/fbAQLP

exports[`App component 1`] = `
<div>
  <div>
    <h1>
      Header
    </h1>
    <ul
      role="nav"
    >
      <li>
        <a
          href="/"
          onClick={[Function]}
        >
          Home
        </a>
      </li>
      <li>
        <a
          href="/our_training"
          onClick={[Function]}
        >
          Our training
        </a>
      </li>
      <li>
        <a
          href="/about_the_class"
          onClick={[Function]}
        >
          About the class
        </a>
      </li>
      <li>
        <a
          href="/contact"
          onClick={[Function]}
        >
          Contact
        </a>
      </li>
    </ul>
  </div>
  <div />
</div>
`;
