// Jest Snapshot v1, https://goo.gl/fbAQLP

exports[`Footer component 1`] = `
<div>
  <p>
    Footer
  </p>
</div>
`;
