// Jest Snapshot v1, https://goo.gl/fbAQLP

exports[`Body component 1`] = `
<div>
  <p>
    Defualt body content
  </p>
</div>
`;
