// Jest Snapshot v1, https://goo.gl/fbAQLP

exports[`Contact component 1`] = `
<div>
  <div>
    <p>
      Contact us content
    </p>
  </div>
  <div>
    <p>
      Footer
    </p>
  </div>
</div>
`;
