// Jest Snapshot v1, https://goo.gl/fbAQLP

exports[`Contact component 1`] = `
<div>
  <div
    className="hero-image-home"
  />
  <div
    className="main"
  >
    <h1>
      Contact Us
    </h1>
  </div>
  <div
    className="main"
  >
    <div
      id="thankYouMessage"
      style={
        Object {
          "display": "none",
        }
      }
    >
      <p>
        Thanks for submitting your enquiry. We'll get back to you shortly
      </p>
    </div>
    <form
      id="form"
    >
      <p>
        Call Sifu Gary Mallia for any enquiries on: 0499 302 186
      </p>
      <label
        id="emailLabel"
        style={
          Object {
            "display": "none",
          }
        }
      >
        Email
      </label>
      <input
        name="email"
        onChange={[Function]}
        placeholder="Email address"
        required={true}
        type="email"
        value=""
      />
      <div
        className="error"
        id="emailError"
        style={
          Object {
            "color": "red",
            "fontSize": "12px",
            "marginTop": "5px",
          }
        }
      >
        
      </div>
      <br />
      <label
        id="messageLabel"
        style={
          Object {
            "display": "none",
          }
        }
      >
        Message
      </label>
      <textarea
        cols="30"
        name="message"
        onChange={[Function]}
        placeholder="Message"
        required={true}
        rows="5"
        value=""
      />
      <div
        className="error"
        id="messageError"
        style={
          Object {
            "color": "red",
            "fontSize": "12px",
            "marginTop": "5px",
          }
        }
      >
        
      </div>
      <br />
      <input
        name="submit"
        onClick={[Function]}
        type="submit"
        value="Submit"
      />
    </form>
  </div>
  <div
    className="main"
  >
    <h1>
      Our address
    </h1>
    <p>
      74 Melville Road, Brunswick West VIC 3055
    </p>
    <iframe
      frameBorder="0"
      height="350"
      marginHeight="0"
      marginWidth="0"
      scrolling="no"
      src="http://maps.google.com.au/maps?f=q&source=s_q&hl=en&geocode=&q=74+Melville+Road,+Brunswick+West,+Victoria&aq=0&oq=74+Melville+Road&sll=-37.762836,144.94417&sspn=0.00754,0.016512&ie=UTF8&hq=&hnear=74+Melville+Rd,+Brunswick+West+Victoria+3055&t=m&z=14&ll=-37.762836,144.94417&output=embed"
      width="425"
    />
  </div>
  <footer>
    <p>
      Â© 
      2018
       Buk Sing Melbourne
    </p>
  </footer>
</div>
`;
